// Vitest Snapshot v1, https://vitest.dev/guide/snapshot.html

exports[`NotFoundPage page > matches snapshot 1`] = `
<div>
  <main
    class="page boxed-container not-found"
  >
    <svg
      fill="none"
      height="120"
      stroke="currentColor"
      stroke-linecap="round"
      stroke-linejoin="round"
      stroke-width="2"
      viewBox="0 0 24 24"
      width="120"
      xmlns="http://www.w3.org/2000/svg"
    >
      <path
        d="M3.85 8.62a4 4 0 0 1 4.78-4.77 4 4 0 0 1 6.74 0 4 4 0 0 1 4.78 4.78 4 4 0 0 1 0 6.74 4 4 0 0 1-4.77 4.78 4 4 0 0 1-6.75 0 4 4 0 0 1-4.78-4.77 4 4 0 0 1 0-6.76Z"
      />
      <line
        x1="12"
        x2="12"
        y1="8"
        y2="12"
      />
      <line
        x1="12"
        x2="12.01"
        y1="16"
        y2="16"
      />
    </svg>
    <h1
      class="not-found__title"
      style="opacity: 0; transform: translateY(30px);"
    >
      404
    </h1>
    <p
      class="not-found__text"
      style="opacity: 0; transform: translateY(20px);"
    >
      Page not found
    </p>
    <button
      class="not-found__button"
      data-testid="go-to-home-link"
      tabindex="0"
    >
      Go back to home
    </button>
    <div
      class="not-found__glow"
      style="transform: scale(0);"
    />
  </main>
</div>
`;
